ff b5 b8 f9 ff ff push_64_mB32 MEM64 rbp -0x648
    push_64_mB32
    MODRM_RM_BASE                       rbp        (0x5)
    OFFABS32                            -1608      (-0x648)

6a 12 push_64_imm8 0x12
    push_64_imm8
    IMM8_64                             0x12       (0x12)

40 b6 0a mov_8_r_imm8 sil 0xa
    mov_8_r_imm8
    BYTE_WITH_REG8                      sil        (0x6)
    IMM8                                0xa        (0xa)

48 8b 05 a7 40 7f 00 mov_64_r_mpc32 rax MEM64 rip 0x7f40a7
    mov_64_r_mpc32
    MODRM_REG64                         rax        (0x0)
    RIP_BASE                            rip        (0x0)
    OFFABS32                            8339623    (0x7f40a7)

48 89 b4 04 50 01 00 00 mov_64_mbis32_r MEM64 rsp rax 1 0x150 rsi
    mov_64_mbis32_r
    SIB_BASE                            rsp        (0x4)
    SIB_INDEX                           rax        (0x0)
    SIB_SCALE                           0          (0x0)
    OFFABS32                            336        (0x150)
    MODRM_REG64                         rsi        (0x6)

48 89 84 24 f0 00 00 00 mov_64_mbis32_r MEM64 rsp 0xf0 rax
    mov_64_mbis32_r
    SIB_BASE                            rsp        (0x4)
    SIB_INDEX                           noindex    (0x4)
    SIB_SCALE                           0          (0x0)
    OFFABS32                            240        (0xf0)
    MODRM_REG64                         rax        (0x0)

f3 66 41 0f bd cc lzcnt_16_r_mr cx r12w
    lzcnt_16_r_mr
    MODRM_REG16                         cx         (0x1)
    MODRM_RM_REG16                      r12w       (0xc)

41 f7 b8 80 23 03 00 idiv_32_edx_eax_mB32 edx eax MEM32 r8 0x32380
    idiv_32_edx_eax_mB32
    IMPLICIT_EDX                        edx        (0x0)
    IMPLICIT_EAX                        eax        (0x0)
    MODRM_RM_BASE                       r8         (0x8)
    OFFABS32                            205696     (0x32380)

48 83 7e 78 01 cmp_64_mB8_imm8 MEM64 rsi 0x78 0x1
    cmp_64_mB8_imm8
    MODRM_RM_BASE                       rsi        (0x6)
    OFFABS8                             120        (0x78)
    IMM8_64                             0x1        (0x1)

f3 0f 11 0c c1 movss_mbis_x MEM32 rcx rax 8 xmm1
    movss_mbis_x
    SIB_BASE                            rcx        (0x1)
    SIB_INDEX                           rax        (0x0)
    SIB_SCALE                           3          (0x3)
    MODRM_XREG32                        xmm1       (0x1)

c7 85 dc 00 00 00 00 00 70 c2 mov_32_mB32_imm32 MEM32 rbp 0xdc 0xc2700000
    mov_32_mB32_imm32
    MODRM_RM_BASE                       rbp        (0x5)
    OFFABS32                            220        (0xdc)
    IMM32                               0xc2700000 (0xc2700000)

48 8d 04 ad 00 00 00 00 lea_64_r_mi32 rax rbp 4 0x0
    lea_64_r_mi32
    MODRM_REG64                         rax        (0x0)
    SIB_INDEX_AS_BASE                   rbp        (0x5)
    SIB_SCALE                           2          (0x2)
    OFFABS32                            0          (0x0)

49 6b cd fc imul_64_r_mr_imm8 rcx r13 -0x4
    imul_64_r_mr_imm8
    MODRM_REG64                         rcx        (0x1)
    MODRM_RM_REG64                      r13        (0xd)
    IMM8_64                             -0x4       (-0x4)

48 b8 00 00 00 00 00 00 01 f4 mov_64_r_imm64 rax -0xbff000000000000
    mov_64_r_imm64
    BYTE_WITH_REG64                     rax        (0x0)
    IMM64                               -0xbff000000000000 (-0xbff000000000000)

0f b1 15 92 0e 02 00 cmpxchg_32_mpc32_r_eax MEM32 rip 0x20e92 edx eax
    cmpxchg_32_mpc32_r_eax
    RIP_BASE                            rip        (0x0)
    OFFABS32                            134802     (0x20e92)
    MODRM_REG32                         edx        (0x2)
    IMPLICIT_EAX                        eax        (0x0)

48 be f0 ff ff ff ff ff ff ff mov_64_r_imm64 rsi -0x10
    mov_64_r_imm64
    BYTE_WITH_REG64                     rsi        (0x6)
    IMM64                               -0x10      (-0x10)

