could not disassemble 0
90000440 adrp x0 136
    XREG_0_4                            x0         (0)
    SIMM_PCREL_5_23_29_30               136        (136)

9126c000 add_x_imm x0 x0 0x9b0
    XREG_0_4_SP                         x0         (0)
    XREG_5_9_SP                         x0         (0)
    IMM_SHIFTED_10_21_22                0x9b0      (2480)

14014192 b 82322
    SIMM_PCREL_0_25                     82322      (82322)

97fffcf7 bl -777
    SIMM_PCREL_0_25                     -777       (67108087)

54000140 b_eq 10
    SIMM_PCREL_5_23                     10         (10)

1e201004 fmov_s_imm s4 2
    SREG_0_4                            s4         (4)
    IMM_FLT_13_20                       2          (0)

f2c7f84a movk_x_imm x10 0x3fc2 32
    XREG_0_4                            x10        (10)
    IMM_5_20                            0x3fc2     (16322)
    SHIFT_21_22_TIMES_16                32         (2)

f2c0000a movk_x_imm x10 0x0 32
    XREG_0_4                            x10        (10)
    IMM_5_20                            0x0        (0)
    SHIFT_21_22_TIMES_16                32         (2)

f280000a movk_x_imm x10 0x0 0
    XREG_0_4                            x10        (10)
    IMM_5_20                            0x0        (0)
    SHIFT_21_22_TIMES_16                0          (0)

6ee0fb39 fneg_2d v25 v25
    VREG_0_4                            v25        (25)
    VREG_5_9                            v25        (25)

2ea41c20 bit_8b v0 v1 v4
    VREG_0_4                            v0         (0)
    VREG_5_9                            v1         (1)
    VREG_16_20                          v4         (4)

6f02e6b0 movi_2d v16 0xff00ff00ff00ff
    VREG_0_4                            v16        (16)
    IMM_BIT_EXPLODE_5_9_16_18           0xff00ff00ff00ff (85)

1e602008 fcmp_d_zero d0 0
    DREG_5_9                            d0         (0)
    IMM_FLT_ZERO                        0          (0)

9e670100 fmov_d_from_x d0 x8
    DREG_0_4                            d0         (0)
    XREG_5_9                            x8         (8)

1e260000 fmov_w_from_s w0 s0
    WREG_0_4                            w0         (0)
    SREG_5_9                            s0         (0)

e205800 cnt_8b v0 v0
    VREG_0_4                            v0         (0)
    VREG_5_9                            v0         (0)

2e303800 uaddlv_8b v0 v0
    VREG_0_4                            v0         (0)
    VREG_5_9                            v0         (0)

ee2e062 pmull_1d v2 v3 v2
    VREG_0_4                            v2         (2)
    VREG_5_9                            v3         (3)
    VREG_16_20                          v2         (2)

4ee3e282 pmull2_2d v2 v20 v3
    VREG_0_4                            v2         (2)
    VREG_5_9                            v20        (20)
    VREG_16_20                          v3         (3)

