111
222
333
444
555
666
777
888
1111
2222
3333
4444
5555
6666
5555
6666
