build/argv_test.exe
argv1
argv2
arvg3
argv4
...
argn
