31000
31010
31020
31030
31070
31170
31570
32570
36570
46570
86570
186570
