9ab715b25db65c694568c19062af6728  build/nanojpeg.ppm
