AssertEq failed in assert.cw(7): [ValNum] 0_uint VS [ValNum] 1_uint
